// Jest Snapshot v1, https://goo.gl/fbAQLP

exports[`withSafeAreaWrapper should render correctly 1`] = `null`;
