// Jest Snapshot v1, https://goo.gl/fbAQLP

exports[`HomeScreen should render correctly 1`] = `
<View
  style={
    Object {
      "backgroundColor": "#fff",
      "flex": 1,
    }
  }
>
  <View
    style={
      Object {
        "alignItems": "center",
        "backgroundColor": "#fff",
        "height": 50,
        "justifyContent": "center",
        "paddingHorizontal": 10,
        "paddingVertical": 4,
      }
    }
  >
    <TextInput
      autoCapitalize="none"
      autoCorrect={false}
      onChangeText={[Function]}
      placeholder="Search stargazer.."
      placeholderTextColor="#FFFFFF"
      style={
        Object {
          "backgroundColor": "#414757",
          "borderColor": "#333",
          "borderRadius": 25,
          "color": "#FFFFFF",
          "fontSize": 14,
          "height": 40,
          "paddingHorizontal": 15,
          "width": "100%",
        }
      }
    />
  </View>
  <RCTScrollView
    ItemSeparatorComponent={[Function]}
    ListEmptyComponent={[Function]}
    ListHeaderComponent={[Function]}
    data={Array []}
    getItem={[Function]}
    getItemCount={[Function]}
    keyExtractor={[Function]}
    onContentSizeChange={[Function]}
    onLayout={[Function]}
    onMomentumScrollBegin={[Function]}
    onMomentumScrollEnd={[Function]}
    onScroll={[Function]}
    onScrollBeginDrag={[Function]}
    onScrollEndDrag={[Function]}
    refreshControl={
      <RefreshControlMock
        onRefresh={[Function]}
        refreshing={false}
      />
    }
    removeClippedSubviews={true}
    renderItem={[Function]}
    scrollEventThrottle={50}
    stickyHeaderIndices={
      Array [
        0,
      ]
    }
    style={Object {}}
    viewabilityConfigCallbackPairs={Array []}
  >
    <RCTRefreshControl />
    <View>
      <View
        onLayout={[Function]}
      >
        <View
          style={
            Object {
              "backgroundColor": "#fff",
              "paddingHorizontal": 14,
              "paddingVertical": 5,
            }
          }
        >
          <Text
            style={
              Object {
                "color": "#414757",
                "fontFamily": "HelveticaNeue-Medium",
                "fontSize": 15,
                "padding": 3,
              }
            }
          >
            0 stargazers
          </Text>
        </View>
      </View>
      <View
        style={
          Object {
            "alignContent": "center",
            "alignItems": "center",
            "flex": 1,
            "flexDirection": "column",
            "paddingTop": 333.5,
          }
        }
      >
        <Text
          style={
            Object {
              "color": "#383B42",
              "fontFamily": "Montserrat-SemiBold",
              "fontSize": 26,
              "maxWidth": "90%",
              "textAlign": "center",
            }
          }
        >
          no stargazer...yet
        </Text>
      </View>
    </View>
  </RCTScrollView>
</View>
`;
